
Install the latest PowerShell for new features and improvements! https://aka.ms/PSWindows

PS C:\Users\srina> aws s3 mb s3://mybucketpsr1
make_bucket: mybucketpsr1
PS C:\Users\srina> aws s3 cp C:\Users\srina\Downloads\pics s3://mybucketpsr1
upload failed: Downloads\pics\ to s3://mybucketpsr1/ Parameter validation failed:
Invalid length for parameter Key, value: 0, valid min length: 1
PS C:\Users\srina> aws s3 cp C:\Users\srina\Downloads\pics s3://mybucketpsr1 --recursive
upload: Downloads\pics\IMG_0110.jpg to s3://mybucketpsr1/IMG_0110.jpg
upload: Downloads\pics\IMG_6783.jpg to s3://mybucketpsr1/IMG_6783.jpg
upload: Downloads\pics\IMG_8950.jpg to s3://mybucketpsr1/IMG_8950.jpg
PS C:\Users\srina> aws s3 rm s3://mybucketpsr1 --recursive
delete: s3://mybucketpsr1/IMG_0110.jpg
delete: s3://mybucketpsr1/IMG_8950.jpg
delete: s3://mybucketpsr1/IMG_6783.jpg
PS C:\Users\srina> C:\Users\srina\Downloads\pics